 WARN 22:42:28,129 [AWT-EventQueue-0] (Mt:144) - Unable to get value for key SHOP_CONSUMABLE_DROP_BONUS_FACTOR
 WARN 22:42:28,130 [AWT-EventQueue-0] (Mt:144) - Unable to get value for key SHOP_CONSUMABLE_DROP_BONUS_FACTOR
 WARN 22:42:28,130 [AWT-EventQueue-0] (Mt:144) - Unable to get value for key SHOP_CONSUMABLE_DROP_BONUS_FACTOR
 WARN 22:42:28,130 [AWT-EventQueue-0] (Mt:144) - Unable to get value for key SHOP_CONSUMABLE_DROP_BONUS_FACTOR
 WARN 22:42:28,130 [AWT-EventQueue-0] (Mt:144) - Unable to get value for key SHOP_CONSUMABLE_DROP_BONUS_FACTOR
 WARN 22:42:28,130 [AWT-EventQueue-0] (Mt:144) - Unable to get value for key SHOP_CONSUMABLE_DROP_BONUS_FACTOR
 WARN 22:42:28,130 [AWT-EventQueue-0] (Mt:144) - Unable to get value for key SHOP_CONSUMABLE_DROP_BONUS_FACTOR
 WARN 22:42:28,131 [AWT-EventQueue-0] (Mt:144) - Unable to get value for key SHOP_CONSUMABLE_DROP_BONUS_FACTOR
 WARN 22:42:28,131 [AWT-EventQueue-0] (Mt:144) - Unable to get value for key SHOP_CONSUMABLE_DROP_BONUS_FACTOR
 WARN 22:42:28,131 [AWT-EventQueue-0] (Mt:144) - Unable to get value for key SHOP_CONSUMABLE_DROP_BONUS_FACTOR
 WARN 22:42:28,132 [AWT-EventQueue-0] (Mt:144) - Unable to get value for key SHOP_CONSUMABLE_DROP_BONUS_FACTOR
 WARN 22:42:28,132 [AWT-EventQueue-0] (Mt:144) - Unable to get value for key SHOP_CONSUMABLE_DROP_BONUS_FACTOR
 WARN 22:42:28,132 [AWT-EventQueue-0] (Mt:144) - Unable to get value for key SHOP_CONSUMABLE_DROP_BONUS_FACTOR
 WARN 22:42:28,132 [AWT-EventQueue-0] (Mt:144) - Unable to get value for key SHOP_CONSUMABLE_DROP_BONUS_FACTOR
 WARN 22:42:28,132 [AWT-EventQueue-0] (Mt:144) - Unable to get value for key SHOP_CONSUMABLE_DROP_BONUS_FACTOR
 WARN 22:42:28,132 [AWT-EventQueue-0] (Mt:144) - Unable to get value for key SHOP_CONSUMABLE_DROP_BONUS_FACTOR
 WARN 22:42:28,132 [AWT-EventQueue-0] (Mt:144) - Unable to get value for key SHOP_CONSUMABLE_DROP_BONUS_FACTOR
 WARN 22:42:28,132 [AWT-EventQueue-0] (Mt:144) - Unable to get value for key SHOP_CONSUMABLE_DROP_BONUS_FACTOR
 WARN 22:42:28,132 [AWT-EventQueue-0] (Mt:144) - Unable to get value for key SHOP_CONSUMABLE_DROP_BONUS_FACTOR
 WARN 22:42:28,132 [AWT-EventQueue-0] (Mt:144) - Unable to get value for key SHOP_CONSUMABLE_DROP_BONUS_FACTOR
 WARN 22:42:28,132 [AWT-EventQueue-0] (Mt:144) - Unable to get value for key SHOP_CONSUMABLE_DROP_BONUS_FACTOR
 WARN 22:42:28,132 [AWT-EventQueue-0] (Mt:144) - Unable to get value for key SHOP_CONSUMABLE_DROP_BONUS_FACTOR
 WARN 22:42:28,132 [AWT-EventQueue-0] (Mt:144) - Unable to get value for key SHOP_CONSUMABLE_DROP_BONUS_FACTOR
 WARN 22:42:28,132 [AWT-EventQueue-0] (Mt:144) - Unable to get value for key SHOP_CONSUMABLE_DROP_BONUS_FACTOR
 WARN 22:42:28,132 [AWT-EventQueue-0] (Mt:144) - Unable to get value for key SHOP_CONSUMABLE_DROP_BONUS_FACTOR
 WARN 22:42:28,132 [AWT-EventQueue-0] (Mt:144) - Unable to get value for key SHOP_CONSUMABLE_DROP_BONUS_FACTOR
 WARN 22:42:28,133 [AWT-EventQueue-0] (Mt:144) - Unable to get value for key SHOP_CONSUMABLE_DROP_BONUS_FACTOR
 WARN 22:42:28,133 [AWT-EventQueue-0] (Mt:144) - Unable to get value for key SHOP_CONSUMABLE_DROP_BONUS_FACTOR
 WARN 22:42:28,133 [AWT-EventQueue-0] (Mt:144) - Unable to get value for key SHOP_CONSUMABLE_DROP_BONUS_FACTOR
 WARN 22:42:28,133 [AWT-EventQueue-0] (Mt:144) - Unable to get value for key SHOP_CONSUMABLE_DROP_BONUS_FACTOR
 WARN 22:42:28,133 [AWT-EventQueue-0] (Mt:144) - Unable to get value for key SHOP_CONSUMABLE_DROP_BONUS_FACTOR
 WARN 22:42:28,133 [AWT-EventQueue-0] (Mt:144) - Unable to get value for key SHOP_CONSUMABLE_DROP_BONUS_FACTOR
 WARN 22:42:28,134 [AWT-EventQueue-0] (Mt:144) - Unable to get value for key SHOP_CONSUMABLE_DROP_BONUS_FACTOR
 WARN 22:42:28,134 [AWT-EventQueue-0] (Mt:144) - Unable to get value for key SHOP_CONSUMABLE_DROP_BONUS_FACTOR
 WARN 22:42:28,134 [AWT-EventQueue-0] (Mt:144) - Unable to get value for key SHOP_CONSUMABLE_DROP_BONUS_FACTOR
 WARN 22:42:28,134 [AWT-EventQueue-0] (Mt:144) - Unable to get value for key SHOP_CONSUMABLE_DROP_BONUS_FACTOR
 WARN 22:42:28,134 [AWT-EventQueue-0] (Mt:144) - Unable to get value for key SHOP_CONSUMABLE_DROP_BONUS_FACTOR
 WARN 22:42:28,134 [AWT-EventQueue-0] (Mt:144) - Unable to get value for key SHOP_CONSUMABLE_DROP_BONUS_FACTOR
 WARN 22:42:28,136 [AWT-EventQueue-0] (Mt:144) - Unable to get value for key SHOP_CONSUMABLE_DROP_BONUS_FACTOR
 WARN 22:42:28,136 [AWT-EventQueue-0] (Mt:144) - Unable to get value for key SHOP_CONSUMABLE_DROP_BONUS_FACTOR
 INFO 22:42:36,902 [AWT-EventQueue-0] (aPh:174) - [法文招募] Rito Official : 软泥地下城　Blopera 4/6 mod
 INFO 22:43:01,115 [AWT-EventQueue-0] (aPh:174) - [组队] Miao : 我挖肯定手动哇
 INFO 22:43:11,866 [AWT-EventQueue-0] (aPh:174) - [组队] Miao : 被封了得不偿失啊
 INFO 22:43:18,882 [AWT-EventQueue-0] (aPh:174) - [法文招募] Justicier : La guilde "L'ancien Monde" Recrute !
 WARN 22:43:30,581 [AWT-EventQueue-0] (fHh:67) - Impossible de lire l'image jar:file:./contents/gui_jar/gui.jar!/companions/illustrations/circle/13.tga
 WARN 22:43:30,605 [AWT-EventQueue-0] (fHh:67) - Impossible de lire l'image jar:file:./contents/gui_jar/gui.jar!/companions/illustrations/circle/13.tga
 INFO 22:43:57,620 [AWT-EventQueue-0] (aPh:174) - [交易] Gibaa : wts 速度石　Speed Stone  强身ＩＩＩ　Healing III
 INFO 22:44:19,820 [AWT-EventQueue-0] (aPh:174) - [交易] Epylox : WTS 屠戮ＩＩＩ　Carnage III
 INFO 22:44:32,565 [AWT-EventQueue-0] (aPh:174) - [组队] Miao : 那就是运气了
 INFO 22:44:39,490 [AWT-EventQueue-0] (SR:407) - Invalid start cell for pathfind search : doesn't exist. HASHCODE : 2249712456269764
 INFO 22:44:39,591 [AWT-EventQueue-0] (SR:407) - Invalid start cell for pathfind search : doesn't exist. HASHCODE : 2249712456269765
 INFO 22:44:40,796 [AWT-EventQueue-0] (SR:407) - Invalid start cell for pathfind search : doesn't exist. HASHCODE : 2249712456269764
 WARN 22:44:44,364 [AWT-EventQueue-0] (fHh:67) - Impossible de lire l'image jar:file:./contents/gui_jar/gui.jar!/companions/illustrations/circle/13.tga
 WARN 22:44:44,404 [AWT-EventQueue-0] (fHh:67) - Impossible de lire l'image jar:file:./contents/gui_jar/gui.jar!/companions/illustrations/circle/13.tga
 WARN 22:44:44,852 [AWT-EventQueue-0] (Mt:144) - Unable to get value for key SHOP_CONSUMABLE_DROP_BONUS_FACTOR
 WARN 22:44:44,852 [AWT-EventQueue-0] (Mt:144) - Unable to get value for key SHOP_CONSUMABLE_DROP_BONUS_FACTOR
 WARN 22:44:44,852 [AWT-EventQueue-0] (Mt:144) - Unable to get value for key SHOP_CONSUMABLE_DROP_BONUS_FACTOR
 WARN 22:44:44,852 [AWT-EventQueue-0] (Mt:144) - Unable to get value for key SHOP_CONSUMABLE_DROP_BONUS_FACTOR
 WARN 22:44:44,852 [AWT-EventQueue-0] (Mt:144) - Unable to get value for key SHOP_CONSUMABLE_DROP_BONUS_FACTOR
 WARN 22:44:44,852 [AWT-EventQueue-0] (Mt:144) - Unable to get value for key SHOP_CONSUMABLE_DROP_BONUS_FACTOR
 WARN 22:44:44,852 [AWT-EventQueue-0] (Mt:144) - Unable to get value for key SHOP_CONSUMABLE_DROP_BONUS_FACTOR
 WARN 22:44:44,852 [AWT-EventQueue-0] (Mt:144) - Unable to get value for key SHOP_CONSUMABLE_DROP_BONUS_FACTOR
 WARN 22:44:44,852 [AWT-EventQueue-0] (Mt:144) - Unable to get value for key SHOP_CONSUMABLE_DROP_BONUS_FACTOR
 WARN 22:44:44,852 [AWT-EventQueue-0] (Mt:144) - Unable to get value for key SHOP_CONSUMABLE_DROP_BONUS_FACTOR
 WARN 22:44:44,852 [AWT-EventQueue-0] (Mt:144) - Unable to get value for key SHOP_CONSUMABLE_DROP_BONUS_FACTOR
 WARN 22:44:44,855 [AWT-EventQueue-0] (Mt:144) - Unable to get value for key SHOP_CONSUMABLE_DROP_BONUS_FACTOR
 WARN 22:44:44,855 [AWT-EventQueue-0] (Mt:144) - Unable to get value for key SHOP_CONSUMABLE_DROP_BONUS_FACTOR
 WARN 22:44:44,904 [AWT-EventQueue-0] (Mt:144) - Unable to get value for key SHOP_CONSUMABLE_DROP_BONUS_FACTOR
 WARN 22:44:44,905 [AWT-EventQueue-0] (Mt:144) - Unable to get value for key SHOP_CONSUMABLE_DROP_BONUS_FACTOR
 WARN 22:44:52,889 [AWT-EventQueue-0] (Mt:144) - Unable to get value for key SHOP_CONSUMABLE_DROP_BONUS_FACTOR
 WARN 22:44:52,889 [AWT-EventQueue-0] (Mt:144) - Unable to get value for key SHOP_CONSUMABLE_DROP_BONUS_FACTOR
 WARN 22:44:52,889 [AWT-EventQueue-0] (Mt:144) - Unable to get value for key SHOP_CONSUMABLE_DROP_BONUS_FACTOR
 WARN 22:44:52,890 [AWT-EventQueue-0] (Mt:144) - Unable to get value for key SHOP_CONSUMABLE_DROP_BONUS_FACTOR
 WARN 22:44:52,890 [AWT-EventQueue-0] (Mt:144) - Unable to get value for key SHOP_CONSUMABLE_DROP_BONUS_FACTOR
 WARN 22:44:52,890 [AWT-EventQueue-0] (Mt:144) - Unable to get value for key SHOP_CONSUMABLE_DROP_BONUS_FACTOR
 WARN 22:44:52,890 [AWT-EventQueue-0] (Mt:144) - Unable to get value for key SHOP_CONSUMABLE_DROP_BONUS_FACTOR
 WARN 22:44:52,890 [AWT-EventQueue-0] (Mt:144) - Unable to get value for key SHOP_CONSUMABLE_DROP_BONUS_FACTOR
 WARN 22:44:52,890 [AWT-EventQueue-0] (Mt:144) - Unable to get value for key SHOP_CONSUMABLE_DROP_BONUS_FACTOR
 WARN 22:44:52,892 [AWT-EventQueue-0] (Mt:144) - Unable to get value for key SHOP_CONSUMABLE_DROP_BONUS_FACTOR
 WARN 22:44:52,893 [AWT-EventQueue-0] (Mt:144) - Unable to get value for key SHOP_CONSUMABLE_DROP_BONUS_FACTOR
 WARN 22:44:52,911 [AWT-EventQueue-0] (Mt:144) - Unable to get value for key SHOP_CONSUMABLE_DROP_BONUS_FACTOR
 WARN 22:44:52,911 [AWT-EventQueue-0] (Mt:144) - Unable to get value for key SHOP_CONSUMABLE_DROP_BONUS_FACTOR
 INFO 22:45:07,890 [AWT-EventQueue-0] (aPh:174) - [组队] Miao : 那就这样吧 一天两把就够了
 INFO 22:45:30,262 [AWT-EventQueue-0] (aPh:174) - [组队] Miao : 好
 INFO 22:45:37,184 [AWT-EventQueue-0] (aPh:174) - [组队] Miao : 888
 INFO 22:45:37,422 [AWT-EventQueue-0] (SR:407) - Invalid start cell for pathfind search : doesn't exist. HASHCODE : 2249746815877046
 INFO 22:45:38,086 [AWT-EventQueue-0] (aPh:174) - [系统] Süsie Jôlie（ulyouyou#4582）离开十二世界。
 INFO 22:45:40,399 [AWT-EventQueue-0] (aPh:174) - [系统] Uly（ulyouyou#4582）进入十二世界。
 INFO 22:46:02,406 [AWT-EventQueue-0] (aPh:174) - [系统] 你得到了黑龙盔　Black Dreggheadgear  x1。
 INFO 22:46:02,805 [AWT-EventQueue-0] (aPh:174) - [系统] 你得到了嗜血巫符　Bloodthirsty Gris-Gris  x1。
 INFO 22:46:03,107 [AWT-EventQueue-0] (aPh:174) - [系统] 你得到了执刑上衣　Executioner's Shirt  x2。
 INFO 22:46:03,408 [AWT-EventQueue-0] (aPh:174) - [系统] 你得到了羊膻戒指　Goat Thick Ring  x1。
 INFO 22:46:03,810 [AWT-EventQueue-0] (aPh:174) - [系统] 你得到了凶兆靴子　Bad Omen Boots  x1。
 INFO 22:46:04,113 [AWT-EventQueue-0] (aPh:174) - [系统] 你得到了无意义肩甲　Nonsensical Epaulettes  x2。
 INFO 22:46:04,516 [AWT-EventQueue-0] (aPh:174) - [系统] 你得到了神秘靴子　Mysterious Boots  x1。
 INFO 22:46:04,826 [AWT-EventQueue-0] (aPh:174) - [系统] 你得到了生命护符　Lyfamulet  x2。
 INFO 22:46:05,226 [AWT-EventQueue-0] (aPh:174) - [系统] 你得到了凶猛护符　Fierce Amulet  x1。
 INFO 22:46:05,630 [AWT-EventQueue-0] (aPh:174) - [系统] 你得到了鬃毛戒指　Mane Ring  x1。
 INFO 22:46:05,939 [AWT-EventQueue-0] (aPh:174) - [系统] 你得到了有翼靴子　Winged Boots  x2。
 INFO 22:46:06,339 [AWT-EventQueue-0] (aPh:174) - [系统] 你得到了折颈熊披风　Bearkneck Cape  x1。
 INFO 22:46:06,843 [AWT-EventQueue-0] (aPh:174) - [系统] 你得到了水煮蛋披风　Poached Cloak  x1。
 INFO 22:46:06,944 [AWT-EventQueue-0] (aPh:174) - [交易] Shanks : WTB-- 奥古毛发　Ogrest Hairs (x9)
 INFO 22:46:07,551 [AWT-EventQueue-0] (aPh:174) - [系统] 你得到了水煮蛋肩甲　Poached Epaulettes  x1。
 INFO 22:46:09,061 [AWT-EventQueue-0] (aPh:174) - [系统] 你得到了阿尔南头皮　Ar'Nan Scalp  x1。
 INFO 22:46:09,967 [AWT-EventQueue-0] (aPh:174) - [系统] 你得到了！＠＃ｄｈ｀～战利品　!@#dh`~ Trophy  x6。
 INFO 22:46:11,782 [AWT-EventQueue-0] (aPh:174) - [系统] 你得到了珍惜披风碎片　Cherished Cloak Fragment  x3。
 INFO 22:46:12,491 [AWT-EventQueue-0] (aPh:174) - [交易] Dépha Gréable : wts 友谊石　Companionship Stone
 INFO 22:46:12,695 [AWT-EventQueue-0] (aPh:174) - [系统] 你得到了扇形盾碎片　Fan Shield Fragment  x6。
 INFO 22:46:13,907 [AWT-EventQueue-0] (aPh:174) - [系统] 你得到了重装ＩＩ　Heavy Armor II  x1。
 INFO 22:46:14,515 [AWT-EventQueue-0] (aPh:174) - [系统] 你得到了卓斯战士头盔碎片　Zoth Warrior Helmet Fragment  x7。
 INFO 22:46:15,012 [AWT-EventQueue-0] (aPh:174) - [系统] 你得到了蜃气护符碎片　Mirage Amulet Fragment  x1。
 INFO 22:46:15,622 [AWT-EventQueue-0] (aPh:174) - [系统] 你得到了举杯胸甲碎片　Beber Breastplate Fragment  x3。
 INFO 22:46:16,631 [AWT-EventQueue-0] (aPh:174) - [系统] 你得到了加侬多夫肩甲碎片　Galon d'Orf Epaulette Fragment  x6。
 INFO 22:46:18,444 [AWT-EventQueue-0] (aPh:174) - [系统] 你得到了重装Ｉ　Heavy Armor I  x1。
 INFO 22:46:19,050 [AWT-EventQueue-0] (aPh:174) - [系统] 你得到了延缓Ｉ　Delay I  x1。
 INFO 22:46:19,691 [AWT-EventQueue-0] (aPh:174) - [系统] 你得到了羽量Ｉ　Featherweight I  x2。
 INFO 22:46:21,270 [AWT-EventQueue-0] (aPh:174) - [系统] 你得到了彩虹粉末　Powder  x2,433。
 INFO 22:46:21,271 [AWT-EventQueue-0] (aPh:174) - [系统] 你得到了附魔碎片　Shards  x9,703。
ERROR 22:46:31,202 [AWT-EventQueue-0] (aPt:237) - impossible d'atteindre une fenêtre de chat ! On annule la suppression dans le manager
 INFO 22:46:33,076 [AWT-EventQueue-0] (bLe:179) - Supression de toutes les resources du ResourceManager.
 INFO 22:46:33,076 [AWT-EventQueue-0] (bID:834) - Nettoyage des points contenus dans la map (0 restants sur 1)
 INFO 22:46:33,076 [AWT-EventQueue-0] (bID:841) - Nettoyage des points contenus dans la map (0 restants sur 1)
 INFO 22:46:33,076 [AWT-EventQueue-0] (bID:843) - Nettoyage de la boussole contenue dans la map
 INFO 22:46:33,076 [AWT-EventQueue-0] (bID:851) - Nettoyage des repères contenus dans la map (0 restants sur 12)
 INFO 22:46:33,076 [AWT-EventQueue-0] (anR:226) - Nettoyage des vecteurs de mouvement des personnages (0 restants sur 0)
 INFO 22:46:33,076 [AWT-EventQueue-0] (aPb:442) - save chat config
 INFO 22:46:33,079 [AWT-EventQueue-0] (bgG:417) - Nettoyage des CharacterInfo contenus dans le CharacterInfoManager (0 restants sur 38)
 INFO 22:46:33,079 [AWT-EventQueue-0] (fyw:1244) - Unloading All !
 INFO 22:46:33,079 [AWT-EventQueue-0] (fyB:1248) - Unloading bubbleDialog-2147483619
 INFO 22:46:33,079 [AWT-EventQueue-0] (fyB:1248) - Unloading battlegroundBarDialog
 INFO 22:46:33,079 [AWT-EventQueue-0] (fyB:1248) - Unloading verticalFollowedAchievementsDialog
 INFO 22:46:33,079 [AWT-EventQueue-0] (fyB:1248) - Unloading partyListDialog
 INFO 22:46:33,079 [AWT-EventQueue-0] (fyw:1269) - Unloading partyListDialog
 INFO 22:46:33,088 [AWT-EventQueue-0] (bkC:95) - [QUEUE_COLLECT] on clear toutes les actions
 WARN 22:46:33,118 [AWT-EventQueue-0] (fHh:67) - Impossible de lire l'image jar:file:./contents/gui_jar/gui.jar!/lang/JA.tga
 INFO 22:46:35,420 [OkHttp https://haapi.ankama.com/...] (cdw:358) - Device information sent
 INFO 22:46:35,803 [AWT-EventQueue-0] (cdq:130) - [NATION] Reception d'un message de synchro de nation demandant l'ajout d'une nouvelle nation : 33
 INFO 22:46:35,804 [AWT-EventQueue-0] (cdq:130) - [NATION] Reception d'un message de synchro de nation demandant l'ajout d'une nouvelle nation : 32
 INFO 22:46:35,804 [AWT-EventQueue-0] (cdq:130) - [NATION] Reception d'un message de synchro de nation demandant l'ajout d'une nouvelle nation : 31
 INFO 22:46:35,804 [AWT-EventQueue-0] (cdq:130) - [NATION] Reception d'un message de synchro de nation demandant l'ajout d'une nouvelle nation : 30
 INFO 22:46:35,903 [AWT-EventQueue-0] (ccD:257) - Received FriendListMessage
 INFO 22:46:35,910 [AWT-EventQueue-0] (bcd:407) - Déserialisation des achievements : size=12043
 WARN 22:46:35,911 [AWT-EventQueue-0] (bcd:463) - Achievement inexistant : Id=2193
 WARN 22:46:35,911 [AWT-EventQueue-0] (bcd:463) - Achievement inexistant : Id=2194
 WARN 22:46:35,925 [AWT-EventQueue-0] (Mt:144) - Unable to get value for key content.61.963
 WARN 22:46:35,925 [AWT-EventQueue-0] (Mt:144) - Unable to get value for key content.61.963
 WARN 22:46:35,925 [AWT-EventQueue-0] (Mt:144) - Unable to get value for key content.61.963
 WARN 22:46:35,925 [AWT-EventQueue-0] (Mt:144) - Unable to get value for key content.61.963
 WARN 22:46:35,925 [AWT-EventQueue-0] (Mt:144) - Unable to get value for key content.61.963
 WARN 22:46:35,925 [AWT-EventQueue-0] (Mt:144) - Unable to get value for key content.61.963
 WARN 22:46:35,925 [AWT-EventQueue-0] (Mt:144) - Unable to get value for key content.61.963
 WARN 22:46:35,925 [AWT-EventQueue-0] (Mt:144) - Unable to get value for key content.61.963
 WARN 22:46:35,925 [AWT-EventQueue-0] (Mt:144) - Unable to get value for key content.61.963
 INFO 22:46:35,945 [AWT-EventQueue-0] (aYm:89) - Loading chat file.
 INFO 22:46:35,946 [AWT-EventQueue-0] (aPh:174) - [公会] 公会 : Join our Discord! 
Alliance: Pulsion & Inner City

 https://discord.gg/fySuCPGJy7
 INFO 22:46:36,004 [AWT-EventQueue-0] (fnf:260) - Update de chaos du protecteur 357, chaos = false
 INFO 22:46:36,004 [AWT-EventQueue-0] (fnf:275) - Update de la satisfaction du protecteur 357. Nouvelle satisfaction : 3
 INFO 22:46:36,004 [AWT-EventQueue-0] (fnf:260) - Update de chaos du protecteur 355, chaos = false
 INFO 22:46:36,004 [AWT-EventQueue-0] (fnf:275) - Update de la satisfaction du protecteur 355. Nouvelle satisfaction : 0
 INFO 22:46:36,004 [AWT-EventQueue-0] (fnf:260) - Update de chaos du protecteur 358, chaos = false
 INFO 22:46:36,004 [AWT-EventQueue-0] (fnf:275) - Update de la satisfaction du protecteur 358. Nouvelle satisfaction : 3
 INFO 22:46:36,004 [AWT-EventQueue-0] (fnf:260) - Update de chaos du protecteur 356, chaos = false
 INFO 22:46:36,004 [AWT-EventQueue-0] (fnf:275) - Update de la satisfaction du protecteur 356. Nouvelle satisfaction : 1
 INFO 22:46:36,055 [AWT-EventQueue-0] (VW:60) - bZJ initialisé, centré sur (-1,-6)
ERROR 22:46:36,077 [AWT-EventQueue-0] (frn:100) - Tentative de suppression du TaxHandler=Protector {id=231, nativeNation=32, currentNation=30, territory=64601} alors qu'il n'est pas présent dans la liste
 INFO 22:46:36,097 [AWT-EventQueue-0] (cdP:254) - Challenge courant : -1 (dans 0s)
 INFO 22:46:36,097 [AWT-EventQueue-0] (cdP:281) - Pas de challenge dans cette zone, on s'arrête là
 INFO 22:46:36,098 [AWT-EventQueue-0] (aPh:174) - [国家] 你们国家与邦塔国结成了联盟。
 WARN 22:46:36,098 [AWT-EventQueue-0] (aPh:112) - Wrong function used for a bubble pipe, use pushChatMessage() instead
 INFO 22:46:43,647 [AWT-EventQueue-0] (cQQ:57) - Searching path to [bAL id=31570]{Point3 : (-21, -92, 3)}
 INFO 22:46:45,767 [AWT-EventQueue-0] (bkw:41) - Lancement de l'occupation MARKET sur la board [bAL id=31570]{Point3 : (-21, -92, 3)}
 INFO 22:46:53,662 [AWT-EventQueue-0] (aPh:174) - [系统] Uly（ulyouyou#4582）离开十二世界。
 INFO 22:46:54,981 [AWT-EventQueue-0] (aPh:174) - [公会] Viisaa : beta is on i think
 INFO 22:47:01,024 [AWT-EventQueue-0] (aPh:174) - [系统] Süsie Jôlie（ulyouyou#4582）进入十二世界。
 INFO 22:47:02,036 [AWT-EventQueue-0] (SR:407) - Invalid start cell for pathfind search : doesn't exist. HASHCODE : 2251430440435713
 INFO 22:47:02,141 [AWT-EventQueue-0] (SR:407) - Invalid start cell for pathfind search : doesn't exist. HASHCODE : 2251430440435713
 INFO 22:47:02,236 [AWT-EventQueue-0] (SR:407) - Invalid start cell for pathfind search : doesn't exist. HASHCODE : 2251413260632064
 INFO 22:47:02,342 [AWT-EventQueue-0] (SR:407) - Invalid start cell for pathfind search : doesn't exist. HASHCODE : 2251413260632064
 INFO 22:47:02,643 [AWT-EventQueue-0] (aPh:174) - [公会] Negi : i'll cut you
 INFO 22:47:03,783 [AWT-EventQueue-0] (aPh:174) - [公会] Negi : if you lie
 INFO 22:47:06,687 [AWT-EventQueue-0] (aPh:174) - [交易] Sucrier : WTB Ombre
 INFO 22:47:18,505 [AWT-EventQueue-0] (aPh:174) - [公会] Viisaa : crazy
 INFO 22:47:24,968 [AWT-EventQueue-0] (aPh:174) - [系统] Miao（yhwsa#9534 - sme）离开十二世界。
 INFO 22:47:28,505 [AWT-EventQueue-0] (aPh:174) - [法文招募] Slot Vi : 冷山　The Hill Hazize s 5 modu mp moi 3/6
 INFO 22:47:31,824 [AWT-EventQueue-0] (aPh:174) - [公会] Negi : IT'S P
 INFO 22:47:31,825 [AWT-EventQueue-0] (aPh:174) - [系统] Le Vilain Méchant Nougar（ougar#6045）进入十二世界。
 WARN 22:47:37,382 [AWT-EventQueue-0] (fJZ:44) - Element with following id : filterRootRenderer is fJe and any fCv can't be found in hierarchy
 WARN 22:47:37,383 [AWT-EventQueue-0] (fJZ:44) - Element with following id : filterRootRenderer is fJe and any fCv can't be found in hierarchy
 INFO 22:47:40,507 [AWT-EventQueue-0] (aPh:174) - [系统] Pme（yhwsa#9534 - sme）进入十二世界。
 INFO 22:47:42,601 [AWT-EventQueue-0] (bkw:77) - On arrête l'occupation MARKET sur la board [bAL id=31570]{Point3 : (-21, -92, 3)}
 INFO 22:47:42,864 [AWT-EventQueue-0] (cdu:578) - Occupation déja terminée
 INFO 22:47:46,074 [AWT-EventQueue-0] (bkw:41) - Lancement de l'occupation MARKET sur la board [bAL id=31570]{Point3 : (-21, -92, 3)}
 INFO 22:47:52,460 [AWT-EventQueue-0] (SR:407) - Invalid start cell for pathfind search : doesn't exist. HASHCODE : 2251430440435713
 INFO 22:47:53,263 [AWT-EventQueue-0] (aPh:174) - [系统] 你失去了重装ＩＩ　Heavy Armor II  x1。
 INFO 22:47:53,263 [AWT-EventQueue-0] (aPh:174) - [系统] 你失去了 685 卡玛。
 INFO 22:47:57,195 [AWT-EventQueue-0] (aPh:174) - [系统] 你失去了延缓ＩＩ　Delay II  x1。
 INFO 22:47:57,195 [AWT-EventQueue-0] (aPh:174) - [系统] 你失去了 56 卡玛。
 INFO 22:48:06,497 [AWT-EventQueue-0] (aPh:174) - [系统] 你失去了羊膻戒指　Goat Thick Ring  x1。
 INFO 22:48:06,497 [AWT-EventQueue-0] (aPh:174) - [系统] 你失去了 1,296 卡玛。
 INFO 22:48:06,885 [AWT-EventQueue-0] (aPh:174) - [公会] Negi : xelor
 INFO 22:48:07,517 [AWT-EventQueue-0] (aPh:174) - [公会] Negi : masq
 INFO 22:48:09,029 [AWT-EventQueue-0] (aPh:174) - [公会] Negi : hupper
 INFO 22:48:10,859 [AWT-EventQueue-0] (aPh:174) - [公会] Viisaa : ooh they bring back the arch on neo
 INFO 22:48:10,969 [AWT-EventQueue-0] (aPh:174) - [公会] Negi : eca
 INFO 22:48:10,971 [AWT-EventQueue-0] (aPh:174) - [系统] 你失去了凶兆靴子　Bad Omen Boots  x1。
 INFO 22:48:10,971 [AWT-EventQueue-0] (aPh:174) - [系统] 你失去了 2,593 卡玛。
 INFO 22:48:11,459 [AWT-EventQueue-0] (aPh:174) - [公会] Negi : wtf
 INFO 22:48:12,568 [AWT-EventQueue-0] (aPh:174) - [公会] Negi : all classes
 INFO 22:48:13,080 [AWT-EventQueue-0] (aPh:174) - [系统] Pme（yhwsa#9534 - sme）离开十二世界。
 INFO 22:48:13,975 [AWT-EventQueue-0] (aPh:174) - [公会] Negi : you play!!
 INFO 22:48:16,508 [AWT-EventQueue-0] (aPh:174) - [系统] Doro（yhwsa#9534 - sme）进入十二世界。
 INFO 22:48:16,707 [AWT-EventQueue-0] (aPh:174) - [公会] Negi : you suck off ?
 INFO 22:48:16,708 [AWT-EventQueue-0] (aPh:174) - [公会] Viisaa : heheee
 INFO 22:48:20,684 [AWT-EventQueue-0] (bkw:77) - On arrête l'occupation MARKET sur la board [bAL id=31570]{Point3 : (-21, -92, 3)}
 INFO 22:48:20,943 [AWT-EventQueue-0] (cdu:578) - Occupation déja terminée
 WARN 22:48:24,989 [AWT-EventQueue-0] (alf:122) - Null sound id
 WARN 22:48:24,990 [AWT-EventQueue-0] (alf:122) - Null sound id
 WARN 22:48:24,990 [AWT-EventQueue-0] (alf:122) - Null sound id
 WARN 22:48:34,375 [AWT-EventQueue-0] (alf:122) - Null sound id
 WARN 22:48:34,375 [AWT-EventQueue-0] (alf:122) - Null sound id
 INFO 22:48:42,894 [AWT-EventQueue-0] (aPh:174) - [西文招募] Enanopichon : doy grupo para mod s3 todas las mazmos lvl 51
 WARN 22:48:44,112 [AWT-EventQueue-0] (alf:122) - Null sound id
 WARN 22:48:44,113 [AWT-EventQueue-0] (alf:122) - Null sound id
 WARN 22:48:44,114 [AWT-EventQueue-0] (alf:122) - Null sound id
 WARN 22:48:44,115 [AWT-EventQueue-0] (alf:122) - Null sound id
 WARN 22:48:44,116 [AWT-EventQueue-0] (alf:122) - Null sound id
 WARN 22:48:44,117 [AWT-EventQueue-0] (alf:122) - Null sound id
 INFO 22:48:45,119 [AWT-EventQueue-0] (aPh:174) - [系统] Doro（yhwsa#9534 - sme）离开十二世界。
 INFO 22:48:47,238 [AWT-EventQueue-0] (aPh:174) - [英文招募] Nayriell : LFM Blopera S4 all steles
 WARN 22:48:48,955 [AWT-EventQueue-0] (fSe:184) - La définition d'une valeur de champ est impossible sur la propriété pet
 INFO 22:48:49,150 [AWT-EventQueue-0] (aPh:174) - [系统] 你失去了黑龙盔　Black Dreggheadgear  x1。
 INFO 22:48:49,151 [AWT-EventQueue-0] (aPh:174) - [系统] 你得到了附魔碎片　Shards  x2,458。
 INFO 22:48:49,151 [AWT-EventQueue-0] (aPh:174) - [系统] 你摧毁了 1 件物品并回收 2,458 份资源。
 INFO 22:48:49,256 [AWT-EventQueue-0] (aPh:174) - [系统] Nme（yhwsa#9534 - sme）进入十二世界。
 WARN 22:48:49,656 [AWT-EventQueue-0] (fSe:184) - La définition d'une valeur de champ est impossible sur la propriété pet
 INFO 22:48:49,858 [AWT-EventQueue-0] (aPh:174) - [系统] 你失去了无意义肩甲　Nonsensical Epaulettes  x2。
 INFO 22:48:49,859 [AWT-EventQueue-0] (aPh:174) - [系统] 你得到了附魔碎片　Shards  x1,229。
 INFO 22:48:49,859 [AWT-EventQueue-0] (aPh:174) - [系统] 你摧毁了 2 件物品并回收 1,229 份资源。
 WARN 22:48:50,371 [AWT-EventQueue-0] (fSe:184) - La définition d'une valeur de champ est impossible sur la propriété pet
 INFO 22:48:50,567 [AWT-EventQueue-0] (aPh:174) - [系统] 你得到了附魔碎片　Shards  x869。
 INFO 22:48:50,567 [AWT-EventQueue-0] (aPh:174) - [系统] 你失去了有翼靴子　Winged Boots  x2。
 INFO 22:48:50,567 [AWT-EventQueue-0] (aPh:174) - [系统] 你摧毁了 2 件物品并回收 869 份资源。
 WARN 22:48:51,078 [AWT-EventQueue-0] (fSe:184) - La définition d'une valeur de champ est impossible sur la propriété pet
 INFO 22:48:51,278 [AWT-EventQueue-0] (aPh:174) - [系统] 你得到了附魔碎片　Shards  x614。
 INFO 22:48:51,278 [AWT-EventQueue-0] (aPh:174) - [系统] 你失去了神秘靴子　Mysterious Boots  x1。
 INFO 22:48:51,278 [AWT-EventQueue-0] (aPh:174) - [系统] 你摧毁了 1 件物品并回收 614 份资源。
 WARN 22:48:51,679 [AWT-EventQueue-0] (fSe:184) - La définition d'une valeur de champ est impossible sur la propriété pet
 INFO 22:48:51,877 [AWT-EventQueue-0] (aPh:174) - [系统] 你失去了嗜血巫符　Bloodthirsty Gris-Gris  x1。
 INFO 22:48:51,878 [AWT-EventQueue-0] (aPh:174) - [系统] 你得到了附魔碎片　Shards  x615。
 INFO 22:48:51,878 [AWT-EventQueue-0] (aPh:174) - [系统] 你摧毁了 1 件物品并回收 615 份资源。
 WARN 22:48:52,384 [AWT-EventQueue-0] (fSe:184) - La définition d'une valeur de champ est impossible sur la propriété pet
 INFO 22:48:52,587 [AWT-EventQueue-0] (aPh:174) - [系统] 你失去了执刑上衣　Executioner's Shirt  x2。
 INFO 22:48:52,587 [AWT-EventQueue-0] (aPh:174) - [系统] 你得到了附魔碎片　Shards  x1,229。
 INFO 22:48:52,588 [AWT-EventQueue-0] (aPh:174) - [系统] 你摧毁了 2 件物品并回收 1,229 份资源。
 WARN 22:48:52,989 [AWT-EventQueue-0] (fSe:184) - La définition d'une valeur de champ est impossible sur la propriété pet
 INFO 22:48:53,196 [AWT-EventQueue-0] (aPh:174) - [系统] 你失去了生命护符　Lyfamulet  x2。
 INFO 22:48:53,196 [AWT-EventQueue-0] (aPh:174) - [系统] 你得到了附魔碎片　Shards  x1,229。
 INFO 22:48:53,196 [AWT-EventQueue-0] (aPh:174) - [系统] 你摧毁了 2 件物品并回收 1,229 份资源。
 WARN 22:48:53,702 [AWT-EventQueue-0] (fSe:184) - La définition d'une valeur de champ est impossible sur la propriété pet
 INFO 22:48:53,895 [AWT-EventQueue-0] (aPh:174) - [系统] 你得到了附魔碎片　Shards  x307。
 INFO 22:48:53,896 [AWT-EventQueue-0] (aPh:174) - [系统] 你失去了水煮蛋披风　Poached Cloak  x1。
 INFO 22:48:53,896 [AWT-EventQueue-0] (aPh:174) - [系统] 你摧毁了 1 件物品并回收 307 份资源。
 WARN 22:48:54,309 [AWT-EventQueue-0] (fSe:184) - La définition d'une valeur de champ est impossible sur la propriété pet
 INFO 22:48:54,502 [AWT-EventQueue-0] (aPh:174) - [系统] 你失去了折颈熊披风　Bearkneck Cape  x1。
 INFO 22:48:54,502 [AWT-EventQueue-0] (aPh:174) - [系统] 你得到了附魔碎片　Shards  x434。
 INFO 22:48:54,502 [AWT-EventQueue-0] (aPh:174) - [系统] 你摧毁了 1 件物品并回收 434 份资源。
 WARN 22:48:55,723 [AWT-EventQueue-0] (fSe:184) - La définition d'une valeur de champ est impossible sur la propriété pet
 INFO 22:48:55,923 [AWT-EventQueue-0] (aPh:174) - [系统] 你得到了附魔碎片　Shards  x307。
 INFO 22:48:55,923 [AWT-EventQueue-0] (aPh:174) - [系统] 你失去了水煮蛋肩甲　Poached Epaulettes  x1。
 INFO 22:48:55,923 [AWT-EventQueue-0] (aPh:174) - [系统] 你摧毁了 1 件物品并回收 307 份资源。
 WARN 22:48:56,325 [AWT-EventQueue-0] (fSe:184) - La définition d'une valeur de champ est impossible sur la propriété pet
 INFO 22:48:56,547 [AWT-EventQueue-0] (aPh:174) - [系统] 你失去了凶猛护符　Fierce Amulet  x1。
 INFO 22:48:56,547 [AWT-EventQueue-0] (aPh:174) - [系统] 你得到了附魔碎片　Shards  x434。
 INFO 22:48:56,547 [AWT-EventQueue-0] (aPh:174) - [系统] 你摧毁了 1 件物品并回收 434 份资源。
 WARN 22:48:57,134 [AWT-EventQueue-0] (fSe:184) - La définition d'une valeur de champ est impossible sur la propriété pet
 INFO 22:48:57,341 [AWT-EventQueue-0] (aPh:174) - [系统] 你失去了鬃毛戒指　Mane Ring  x1。
 INFO 22:48:57,341 [AWT-EventQueue-0] (aPh:174) - [系统] 你得到了附魔碎片　Shards  x435。
 INFO 22:48:57,341 [AWT-EventQueue-0] (aPh:174) - [系统] 你摧毁了 1 件物品并回收 435 份资源。
 INFO 22:49:07,167 [AWT-EventQueue-0] (aPh:174) - [英文社群] Tattoo : I could be Governer, but I can't be a politician, I'm not in a blood murder cu- oh wait I'm a Sac. Damn.
 INFO 22:49:07,447 [AWT-EventQueue-0] (bkw:41) - Lancement de l'occupation MARKET sur la board [bAL id=31570]{Point3 : (-21, -92, 3)}
 WARN 22:49:20,618 [AWT-EventQueue-0] (Mt:144) - Unable to get value for key SHOP_CONSUMABLE_DROP_BONUS_FACTOR
 WARN 22:49:20,618 [AWT-EventQueue-0] (Mt:144) - Unable to get value for key SHOP_CONSUMABLE_DROP_BONUS_FACTOR
 WARN 22:49:20,618 [AWT-EventQueue-0] (Mt:144) - Unable to get value for key SHOP_CONSUMABLE_DROP_BONUS_FACTOR
 WARN 22:49:20,618 [AWT-EventQueue-0] (Mt:144) - Unable to get value for key SHOP_CONSUMABLE_DROP_BONUS_FACTOR
 WARN 22:49:20,618 [AWT-EventQueue-0] (Mt:144) - Unable to get value for key SHOP_CONSUMABLE_DROP_BONUS_FACTOR
 WARN 22:49:20,618 [AWT-EventQueue-0] (Mt:144) - Unable to get value for key SHOP_CONSUMABLE_DROP_BONUS_FACTOR
 WARN 22:49:20,618 [AWT-EventQueue-0] (Mt:144) - Unable to get value for key SHOP_CONSUMABLE_DROP_BONUS_FACTOR
 WARN 22:49:20,618 [AWT-EventQueue-0] (Mt:144) - Unable to get value for key SHOP_CONSUMABLE_DROP_BONUS_FACTOR
 WARN 22:49:20,619 [AWT-EventQueue-0] (Mt:144) - Unable to get value for key SHOP_CONSUMABLE_DROP_BONUS_FACTOR
 WARN 22:49:20,619 [AWT-EventQueue-0] (Mt:144) - Unable to get value for key SHOP_CONSUMABLE_DROP_BONUS_FACTOR
 WARN 22:49:20,619 [AWT-EventQueue-0] (Mt:144) - Unable to get value for key SHOP_CONSUMABLE_DROP_BONUS_FACTOR
 WARN 22:49:20,619 [AWT-EventQueue-0] (Mt:144) - Unable to get value for key SHOP_CONSUMABLE_DROP_BONUS_FACTOR
 WARN 22:49:20,619 [AWT-EventQueue-0] (Mt:144) - Unable to get value for key SHOP_CONSUMABLE_DROP_BONUS_FACTOR
 WARN 22:49:20,619 [AWT-EventQueue-0] (Mt:144) - Unable to get value for key SHOP_CONSUMABLE_DROP_BONUS_FACTOR
 WARN 22:49:20,619 [AWT-EventQueue-0] (Mt:144) - Unable to get value for key SHOP_CONSUMABLE_DROP_BONUS_FACTOR
 WARN 22:49:20,619 [AWT-EventQueue-0] (Mt:144) - Unable to get value for key SHOP_CONSUMABLE_DROP_BONUS_FACTOR
 WARN 22:49:20,619 [AWT-EventQueue-0] (Mt:144) - Unable to get value for key SHOP_CONSUMABLE_DROP_BONUS_FACTOR
 WARN 22:49:20,619 [AWT-EventQueue-0] (Mt:144) - Unable to get value for key SHOP_CONSUMABLE_DROP_BONUS_FACTOR
 WARN 22:49:20,620 [AWT-EventQueue-0] (Mt:144) - Unable to get value for key SHOP_CONSUMABLE_DROP_BONUS_FACTOR
 WARN 22:49:20,620 [AWT-EventQueue-0] (Mt:144) - Unable to get value for key SHOP_CONSUMABLE_DROP_BONUS_FACTOR
 WARN 22:49:20,620 [AWT-EventQueue-0] (Mt:144) - Unable to get value for key SHOP_CONSUMABLE_DROP_BONUS_FACTOR
 WARN 22:49:20,622 [AWT-EventQueue-0] (Mt:144) - Unable to get value for key SHOP_CONSUMABLE_DROP_BONUS_FACTOR
 WARN 22:49:20,622 [AWT-EventQueue-0] (Mt:144) - Unable to get value for key SHOP_CONSUMABLE_DROP_BONUS_FACTOR
 WARN 22:49:20,647 [AWT-EventQueue-0] (Mt:144) - Unable to get value for key SHOP_CONSUMABLE_DROP_BONUS_FACTOR
 WARN 22:49:20,647 [AWT-EventQueue-0] (Mt:144) - Unable to get value for key SHOP_CONSUMABLE_DROP_BONUS_FACTOR
 WARN 22:49:21,030 [AWT-EventQueue-0] (Mt:144) - Unable to get value for key SHOP_CONSUMABLE_DROP_BONUS_FACTOR
 WARN 22:49:21,031 [AWT-EventQueue-0] (Mt:144) - Unable to get value for key SHOP_CONSUMABLE_DROP_BONUS_FACTOR
 INFO 22:49:21,844 [AWT-EventQueue-0] (bkw:77) - On arrête l'occupation MARKET sur la board [bAL id=31570]{Point3 : (-21, -92, 3)}
 INFO 22:49:22,018 [AWT-EventQueue-0] (cdu:578) - Occupation déja terminée
 INFO 22:49:36,166 [AWT-EventQueue-0] (cQQ:57) - Searching path to [bAL id=31570]{Point3 : (-21, -92, 3)}
 INFO 22:49:36,669 [AWT-EventQueue-0] (bkw:41) - Lancement de l'occupation MARKET sur la board [bAL id=31570]{Point3 : (-21, -92, 3)}
 INFO 22:50:24,494 [AWT-EventQueue-0] (bkw:77) - On arrête l'occupation MARKET sur la board [bAL id=31570]{Point3 : (-21, -92, 3)}
 INFO 22:50:24,679 [AWT-EventQueue-0] (cdu:578) - Occupation déja terminée
 INFO 22:50:36,712 [AWT-EventQueue-0] (aPh:174) - [英文社群] Negi : Hello beautiful women ,the wakfu beta is up. And I'm not talking about me
 INFO 22:50:44,287 [AWT-EventQueue-0] (SR:407) - Invalid start cell for pathfind search : doesn't exist. HASHCODE : 2251396080762880
 INFO 22:50:44,912 [AWT-EventQueue-0] (cQQ:57) - Searching path to [bAL id=31570]{Point3 : (-21, -92, 3)}
 INFO 22:50:46,084 [AWT-EventQueue-0] (bkw:41) - Lancement de l'occupation MARKET sur la board [bAL id=31570]{Point3 : (-21, -92, 3)}
 INFO 22:51:06,948 [AWT-EventQueue-0] (aPh:174) - [葡文社群] Mari Doce : oi eu aqui de novo alguem quer casar comigo
 INFO 22:51:08,563 [AWT-EventQueue-0] (flc:215) - [NATION] Trying to remove 3098748 from {Nation id=0} after a disconnection but he's not in it
 WARN 22:51:08,758 [AWT-EventQueue-0] (alf:122) - Null sound id
 WARN 22:51:08,758 [AWT-EventQueue-0] (alf:122) - Null sound id
 WARN 22:51:08,759 [AWT-EventQueue-0] (alf:122) - Null sound id
 INFO 22:51:10,177 [AWT-EventQueue-0] (aPh:174) - [交易] Noemilia : 友谊石　Companionship Stone wts vendo 7.2mk
 INFO 22:51:20,368 [AWT-EventQueue-0] (bkw:77) - On arrête l'occupation MARKET sur la board [bAL id=31570]{Point3 : (-21, -92, 3)}
 INFO 22:51:20,567 [AWT-EventQueue-0] (cdu:578) - Occupation déja terminée
 WARN 22:51:46,499 [AWT-EventQueue-0] (fHh:67) - Impossible de lire l'image jar:file:./contents/gui_jar/gui.jar!/companions/illustrations/circle/13.tga
 WARN 22:51:46,527 [AWT-EventQueue-0] (fHh:67) - Impossible de lire l'image jar:file:./contents/gui_jar/gui.jar!/companions/illustrations/circle/13.tga
 INFO 22:51:47,984 [AWT-EventQueue-0] (aPh:174) - [系统] Le Vilain Méchant Nougar（ougar#6045）离开十二世界。
 WARN 22:52:13,171 [AWT-EventQueue-0] (fHh:67) - Impossible de lire l'image jar:file:./contents/gui_jar/gui.jar!/companions/illustrations/circle/13.tga
 WARN 22:52:13,175 [AWT-EventQueue-0] (fHh:67) - Impossible de lire l'image jar:file:./contents/gui_jar/gui.jar!/companions/illustrations/circle/13.tga
 WARN 22:52:13,194 [AWT-EventQueue-0] (fHh:67) - Impossible de lire l'image jar:file:./contents/gui_jar/gui.jar!/companions/illustrations/circle/13.tga
 WARN 22:52:13,194 [AWT-EventQueue-0] (fHh:67) - Impossible de lire l'image jar:file:./contents/gui_jar/gui.jar!/companions/illustrations/circle/13.tga
 WARN 22:52:16,431 [AWT-EventQueue-0] (fHh:67) - Impossible de lire l'image jar:file:./contents/gui_jar/gui.jar!/companions/illustrations/circle/13.tga
 WARN 22:52:16,433 [AWT-EventQueue-0] (fHh:67) - Impossible de lire l'image jar:file:./contents/gui_jar/gui.jar!/companions/illustrations/circle/13.tga
 WARN 22:52:16,452 [AWT-EventQueue-0] (fHh:67) - Impossible de lire l'image jar:file:./contents/gui_jar/gui.jar!/companions/illustrations/circle/13.tga
 WARN 22:52:16,452 [AWT-EventQueue-0] (fHh:67) - Impossible de lire l'image jar:file:./contents/gui_jar/gui.jar!/companions/illustrations/circle/13.tga
 WARN 22:52:19,538 [AWT-EventQueue-0] (fHh:67) - Impossible de lire l'image jar:file:./contents/gui_jar/gui.jar!/companions/illustrations/circle/13.tga
 WARN 22:52:19,540 [AWT-EventQueue-0] (fHh:67) - Impossible de lire l'image jar:file:./contents/gui_jar/gui.jar!/companions/illustrations/circle/13.tga
 WARN 22:52:19,559 [AWT-EventQueue-0] (fHh:67) - Impossible de lire l'image jar:file:./contents/gui_jar/gui.jar!/companions/illustrations/circle/13.tga
 WARN 22:52:19,559 [AWT-EventQueue-0] (fHh:67) - Impossible de lire l'image jar:file:./contents/gui_jar/gui.jar!/companions/illustrations/circle/13.tga
 WARN 22:52:20,119 [AWT-EventQueue-0] (alf:122) - Null sound id
 WARN 22:52:20,120 [AWT-EventQueue-0] (alf:122) - Null sound id
 WARN 22:52:20,120 [AWT-EventQueue-0] (alf:122) - Null sound id
 WARN 22:52:34,631 [AWT-EventQueue-0] (fHh:67) - Impossible de lire l'image jar:file:./contents/gui_jar/gui.jar!/companions/illustrations/circle/13.tga
 WARN 22:52:34,634 [AWT-EventQueue-0] (fHh:67) - Impossible de lire l'image jar:file:./contents/gui_jar/gui.jar!/companions/illustrations/circle/13.tga
 WARN 22:52:34,651 [AWT-EventQueue-0] (fHh:67) - Impossible de lire l'image jar:file:./contents/gui_jar/gui.jar!/companions/illustrations/circle/13.tga
 WARN 22:52:34,651 [AWT-EventQueue-0] (fHh:67) - Impossible de lire l'image jar:file:./contents/gui_jar/gui.jar!/companions/illustrations/circle/13.tga
 INFO 22:52:36,490 [AWT-EventQueue-0] (aPh:174) - [公会] Negi : oh
 INFO 22:52:36,600 [AWT-EventQueue-0] (SR:407) - Invalid start cell for pathfind search : doesn't exist. HASHCODE : 2251774038736895
 INFO 22:52:37,097 [AWT-EventQueue-0] (aPh:174) - [公会] Negi : OH
 INFO 22:52:38,105 [AWT-EventQueue-0] (aPh:174) - [公会] Negi : EROSION
 WARN 22:52:39,730 [AWT-EventQueue-0] (fHh:67) - Impossible de lire l'image jar:file:./contents/gui_jar/gui.jar!/companions/illustrations/circle/13.tga
 WARN 22:52:39,744 [AWT-EventQueue-0] (fHh:67) - Impossible de lire l'image jar:file:./contents/gui_jar/gui.jar!/companions/illustrations/circle/13.tga
 INFO 22:52:40,126 [AWT-EventQueue-0] (aPh:174) - [英文招募] Im'Negaan : last spot blopera s4 steles
 INFO 22:52:41,541 [AWT-EventQueue-0] (SR:407) - Invalid start cell for pathfind search : doesn't exist. HASHCODE : 2251430440435713
 INFO 22:52:41,746 [AWT-EventQueue-0] (aPh:174) - [公会] Negi : EROSION
 WARN 22:52:42,006 [AWT-EventQueue-0] (fHh:67) - Impossible de lire l'image jar:file:./contents/gui_jar/gui.jar!/companions/illustrations/circle/13.tga
 WARN 22:52:42,014 [AWT-EventQueue-0] (fHh:67) - Impossible de lire l'image jar:file:./contents/gui_jar/gui.jar!/companions/illustrations/circle/13.tga
 WARN 22:52:42,040 [AWT-EventQueue-0] (fHh:67) - Impossible de lire l'image jar:file:./contents/gui_jar/gui.jar!/companions/illustrations/circle/13.tga
 WARN 22:52:42,041 [AWT-EventQueue-0] (fHh:67) - Impossible de lire l'image jar:file:./contents/gui_jar/gui.jar!/companions/illustrations/circle/13.tga
 INFO 22:52:45,381 [AWT-EventQueue-0] (aPh:174) - [公会] Viisaa : yeaa
 INFO 22:52:50,906 [AWT-EventQueue-0] (aPh:174) - [公会] Viisaa : did enu get a buff
 INFO 22:52:52,618 [AWT-EventQueue-0] (aPh:174) - [公会] Viisaa : or im dumb
 INFO 22:53:12,036 [AWT-EventQueue-0] (aPb:442) - save chat config
 INFO 22:53:12,256 [SoundManager] (aHu:728) - SoundManager stopped
 INFO 22:53:12,257 [AWT-EventQueue-0] (aUE:665) - Sending DisconnectionMessage to Servers. Reason : {UI Closed}
 INFO 22:53:12,257 [inter-chat-4-2] (io.netty.util.internal.logging.AbstractInternalLogger:148) - [id: 0xafb5952f, L:/127.0.0.1:51911 - R:zaap-chat.ankama.com/54.195.46.170:6337] CLOSE
 INFO 22:53:12,257 [inter-chat-4-2] (aXa:50) - [CHAT] Connection closed
 INFO 22:53:12,258 [inter-chat-4-2] (io.netty.util.internal.logging.AbstractInternalLogger:148) - [id: 0xafb5952f, L:/127.0.0.1:51911 ! R:zaap-chat.ankama.com/54.195.46.170:6337] INACTIVE
 INFO 22:53:12,258 [AWT-EventQueue-0] (cAr:35) - Stopping cAx...
 INFO 22:53:12,260 [Net-Cnx-wakfu-ogrest.ankama-games.com:5556>0] (cck:43) - Connexion avec le serveur perdue ChannelHandlerContext(aUu#0, [id: 0x0559ab23, L:/127.0.0.1:51902 ! R:wakfu-ogrest.ankama-games.com/54.220.196.203:5556])
